This is a test output
